Flash Attention 3 loaded (repo=kernels-community/flash-attn3, cap=(8, 9))
Loading tokenizer...
Vocab size: 8,192
Model config: {'sequence_len': 2048, 'vocab_size': 8192, 'n_layer': 8, 'n_head': 4, 'n_kv_head': 4, 'n_embd': 512, 'window_pattern': 'PROGRESSIVE'}
Initializing model...
  model init done
Parameter counts:
  wte                     : 4,194,304
  value_embeds            : 16,777,216
  lm_head                 : 4,194,304
  transformer_matrices    : 29,364,744
  scalars                 : 16
  summarizers             : 528,384
  stochastic              : 1,048,576
  total                   : 56,107,544
Estimated FLOPs per token: 2.737307e+08
Scaling AdamW LRs by 1/sqrt(512/768) = 1.224745
Compiling model (first run: slow, cached thereafter)...
GPU memory after compile: 0.19GB allocated, 0.20GB reserved
Prefetching first batch...
Time budget: 1200s
Gradient accumulation steps: 8
Starting training loop...
step 00000 (0.0%) | loss: 10.813295 | pc_loss: 0.016185 | lrm: 1.00 | dt: 2577321ms | tok/sec: 203 | mfu: 0.0% | epoch: 1 | remaining: 1200s    
[train] Received SIGTERM — flushing GPU and exiting cleanly.
