Flash Attention 3 loaded (repo=kernels-community/flash-attn3, cap=(8, 9))
Loading tokenizer...
Vocab size: 8,192
Model config: {'sequence_len': 2048, 'vocab_size': 8192, 'n_layer': 8, 'n_head': 4, 'n_kv_head': 4, 'n_embd': 512, 'window_pattern': 'SSSL'}
Initializing model...
  model init done
Parameter counts:
  wte                     : 4,194,304
  value_embeds            : 16,777,216
  lm_head                 : 4,194,304
  transformer_matrices    : 29,360,640
  scalars                 : 8
  total                   : 54,526,472
Estimated FLOPs per token: 2.642442e+08
Scaling AdamW LRs by 1/sqrt(512/768) = 1.224745
Compiling model (first run: slow, cached thereafter)...
GPU memory after compile: 0.18GB allocated, 0.19GB reserved
Prefetching first batch...
Time budget: 360s
Gradient accumulation steps: 8
Starting training loop...
step 00000 (0.0%) | loss: 9.010936 | pc_loss: 0.001953 | lrm: 1.00 | dt: 54607ms | tok/sec: 9,601 | mfu: 0.3% | epoch: 1 | remaining: 360s    step 00001 (0.0%) | loss: 8.869036 | pc_loss: 0.002067 | lrm: 1.00 | dt: 10375ms | tok/sec: 50,533 | mfu: 1.3% | epoch: 1 | remaining: 360s    step 00002 (0.0%) | loss: 8.379437 | pc_loss: 0.035746 | lrm: 1.00 | dt: 102906ms | tok/sec: 5,094 | mfu: 0.1% | epoch: 1 | remaining: 360s    step 00003 (0.0%) | loss: 7.931456 | pc_loss: 0.016791 | lrm: 1.00 | dt: 323412ms | tok/sec: 1,621 | mfu: 0.0% | epoch: 1 | remaining: 360s    step 00004 (0.0%) | loss: 7.559221 | pc_loss: 0.032182 | lrm: 1.00 | dt: 15157ms | tok/sec: 34,591 | mfu: 0.9% | epoch: 1 | remaining: 360s    step 00005 (0.0%) | loss: 7.285791 | pc_loss: 0.010422 | lrm: 1.00 | dt: 10207ms | tok/sec: 51,367 | mfu: 1.4% | epoch: 1 | remaining: 360s    step 00006 (0.0%) | loss: 7.075650 | pc_loss: 0.012619 | lrm: 1.00 | dt: 10295ms | tok/sec: 50,928 | mfu: 1.4% | epoch: 1 | remaining: 360s    step 00007 (0.0%) | loss: 6.871896 | pc_loss: 0.008659 | lrm: 1.00 | dt: 11182ms | tok/sec: 46,886 | mfu: 1.3% | epoch: 1 | remaining: 360s    step 00008 (0.0%) | loss: 6.695965 | pc_loss: 0.005726 | lrm: 1.00 | dt: 10665ms | tok/sec: 49,159 | mfu: 1.3% | epoch: 1 | remaining: 360s    step 00009 (0.0%) | loss: 6.545745 | pc_loss: 0.004880 | lrm: 1.00 | dt: 144524ms | tok/sec: 3,627 | mfu: 0.1% | epoch: 1 | remaining: 360s    step 00010 (0.0%) | loss: 6.429297 | pc_loss: 0.004129 | lrm: 1.00 | dt: 13910ms | tok/sec: 37,692 | mfu: 1.0% | epoch: 1 | remaining: 360s    step 00011 (0.0%) | loss: 6.322685 | pc_loss: 0.003389 | lrm: 1.00 | dt: 19125ms | tok/sec: 27,413 | mfu: 0.7% | epoch: 1 | remaining: 341s    step 00012 (5.3%) | loss: 6.224873 | pc_loss: 0.002882 | lrm: 1.00 | dt: 201316ms | tok/sec: 2,604 | mfu: 0.1% | epoch: 1 | remaining: 140s    step 00013 (61.2%) | loss: 6.137068 | pc_loss: 0.002592 | lrm: 0.78 | dt: 442975ms | tok/sec: 1,183 | mfu: 0.0% | epoch: 1 | remaining: 0s    
---
val_bpb:          1.969646
training_seconds: 663.4
total_seconds:    1422.8
peak_vram_mb:     15250.0
mfu_percent:      0.08
total_tokens_M:   7.3
num_steps:        14
num_params_M:     54.5
depth:            8
