Flash Attention 3 loaded (repo=kernels-community/flash-attn3, cap=(8, 9))
Loading tokenizer...
Vocab size: 8,192
Model config: {'sequence_len': 2048, 'vocab_size': 8192, 'n_layer': 8, 'n_head': 4, 'n_kv_head': 4, 'n_embd': 512, 'window_pattern': 'SSSL'}
Initializing model...
  model init done
Parameter counts:
  wte                     : 4,194,304
  value_embeds            : 16,777,216
  lm_head                 : 4,194,304
  transformer_matrices    : 29,360,640
  scalars                 : 8
  total                   : 54,526,472
Estimated FLOPs per token: 2.642442e+08
Scaling AdamW LRs by 1/sqrt(512/768) = 1.224745
Compiling model (first run: slow, cached thereafter)...
Prefetching first batch...
Time budget: 360s
Gradient accumulation steps: 8
Starting training loop...
step 00000 (0.0%) | loss: 9.010936 | pc_loss: 0.001953 | lrm: 1.00 | dt: 315754ms | tok/sec: 1,660 | mfu: 0.0% | epoch: 1 | remaining: 360s    step 00001 (0.0%) | loss: 8.871119 | pc_loss: 0.002061 | lrm: 1.00 | dt: 67101ms | tok/sec: 7,813 | mfu: 0.2% | epoch: 1 | remaining: 360s    step 00002 (0.0%) | loss: 8.392244 | pc_loss: 0.035465 | lrm: 1.00 | dt: 17369ms | tok/sec: 30,185 | mfu: 0.8% | epoch: 1 | remaining: 360s    step 00003 (0.0%) | loss: 7.946409 | pc_loss: 0.016333 | lrm: 1.00 | dt: 13848ms | tok/sec: 37,860 | mfu: 1.0% | epoch: 1 | remaining: 360s    